Cluster ID	classification
Cluster 0	0
Cluster 1	0
Cluster 1198427	0
Cluster 13052	0
Cluster 1335694	0
Cluster 14948	0
Cluster 154	0
Cluster 16401	0
Cluster 1901247	0
Cluster 1906063	0
Cluster 1906501	0
Cluster 1906614	0
Cluster 1907613	0
Cluster 2	0
Cluster 226329	0
Cluster 261	0
Cluster 27451	0
Cluster 286151	0
Cluster 41462	0
Cluster 67931	0
Cluster 94873	0
