id	goterm	name	Sample
G80158_k105_24402_1	GO:0051539	4 iron, 4 sulfur cluster binding	G80158
G80318_k105_41119_1	GO:0051539	4 iron, 4 sulfur cluster binding	G80318
G45060_k105_7758_8	GO:0051539	4 iron, 4 sulfur cluster binding	G45060
G80158_k105_24402_1	GO:0051539	4 iron, 4 sulfur cluster binding	G80158
G78609_k105_11129_11	GO:0051539	4 iron, 4 sulfur cluster binding	G78609
